Archive member included because of file (symbol)

c:/winavr-20100110/bin/../lib/gcc/avr/4.3.3/avr51\libgcc.a(_exit.o)
                              c:/winavr-20100110/bin/../lib/gcc/avr/4.3.3/../../../../avr/lib/avr51/crtm1284p.o (exit)
c:/winavr-20100110/bin/../lib/gcc/avr/4.3.3/avr51\libgcc.a(_clear_bss.o)
                              user_main.o (__do_clear_bss)

Memory Configuration

Name             Origin             Length             Attributes
text             0x00000000         0x00020000         xr
data             0x00800060         0x0000ffa0         rw !x
eeprom           0x00810000         0x00010000         rw !x
fuse             0x00820000         0x00000400         rw !x
lock             0x00830000         0x00000400         rw !x
signature        0x00840000         0x00000400         rw !x
*default*        0x00000000         0xffffffff

Linker script and memory map

Address of section .data set to 0x800100
LOAD c:/winavr-20100110/bin/../lib/gcc/avr/4.3.3/../../../../avr/lib/avr51/crtm1284p.o
LOAD main.o
LOAD user_main.o
LOAD i2c.o
LOAD mu2.o
LOAD led.o
LOAD switch.o
LOAD remote_control_rx.o
LOAD uart.o
LOAD wait.o
LOAD c:/winavr-20100110/bin/../lib/gcc/avr/4.3.3/avr51\libgcc.a
LOAD c:/winavr-20100110/bin/../lib/gcc/avr/4.3.3/../../../../avr/lib/avr51\libc.a
LOAD c:/winavr-20100110/bin/../lib/gcc/avr/4.3.3/avr51\libgcc.a

.hash
 *(.hash)

.dynsym
 *(.dynsym)

.dynstr
 *(.dynstr)

.gnu.version
 *(.gnu.version)

.gnu.version_d
 *(.gnu.version_d)

.gnu.version_r
 *(.gnu.version_r)

.rel.init
 *(.rel.init)

.rela.init
 *(.rela.init)

.rel.text
 *(.rel.text)
 *(.rel.text.*)
 *(.rel.gnu.linkonce.t*)

.rela.text
 *(.rela.text)
 *(.rela.text.*)
 *(.rela.gnu.linkonce.t*)

.rel.fini
 *(.rel.fini)

.rela.fini
 *(.rela.fini)

.rel.rodata
 *(.rel.rodata)
 *(.rel.rodata.*)
 *(.rel.gnu.linkonce.r*)

.rela.rodata
 *(.rela.rodata)
 *(.rela.rodata.*)
 *(.rela.gnu.linkonce.r*)

.rel.data
 *(.rel.data)
 *(.rel.data.*)
 *(.rel.gnu.linkonce.d*)

.rela.data
 *(.rela.data)
 *(.rela.data.*)
 *(.rela.gnu.linkonce.d*)

.rel.ctors
 *(.rel.ctors)

.rela.ctors
 *(.rela.ctors)

.rel.dtors
 *(.rel.dtors)

.rela.dtors
 *(.rela.dtors)

.rel.got
 *(.rel.got)

.rela.got
 *(.rela.got)

.rel.bss
 *(.rel.bss)

.rela.bss
 *(.rela.bss)

.rel.plt
 *(.rel.plt)

.rela.plt
 *(.rela.plt)

.text           0x00000000     0x12b0
 *(.vectors)
 .vectors       0x00000000       0x8c c:/winavr-20100110/bin/../lib/gcc/avr/4.3.3/../../../../avr/lib/avr51/crtm1284p.o
                0x00000000                __vectors
                0x00000000                __vector_default
 *(.vectors)
 *(.progmem.gcc*)
 *(.progmem*)
                0x0000008c                . = ALIGN (0x2)
                0x0000008c                __trampolines_start = .
 *(.trampolines)
 .trampolines   0x0000008c        0x0 linker stubs
 *(.trampolines*)
                0x0000008c                __trampolines_end = .
 *(.jumptables)
 *(.jumptables*)
 *(.lowtext)
 *(.lowtext*)
                0x0000008c                __ctors_start = .
 *(.ctors)
                0x0000008c                __ctors_end = .
                0x0000008c                __dtors_start = .
 *(.dtors)
                0x0000008c                __dtors_end = .
 SORT(*)(.ctors)
 SORT(*)(.dtors)
 *(.init0)
 .init0         0x0000008c        0x0 c:/winavr-20100110/bin/../lib/gcc/avr/4.3.3/../../../../avr/lib/avr51/crtm1284p.o
                0x0000008c                __init
 *(.init0)
 *(.init1)
 *(.init1)
 *(.init2)
 .init2         0x0000008c        0xc c:/winavr-20100110/bin/../lib/gcc/avr/4.3.3/../../../../avr/lib/avr51/crtm1284p.o
 *(.init2)
 *(.init3)
 *(.init3)
 *(.init4)
 .init4         0x00000098       0x1a c:/winavr-20100110/bin/../lib/gcc/avr/4.3.3/../../../../avr/lib/avr51/crtm1284p.o
                0x00000098                __do_copy_data
 .init4         0x000000b2       0x10 c:/winavr-20100110/bin/../lib/gcc/avr/4.3.3/avr51\libgcc.a(_clear_bss.o)
                0x000000b2                __do_clear_bss
 *(.init4)
 *(.init5)
 *(.init5)
 *(.init6)
 *(.init6)
 *(.init7)
 *(.init7)
 *(.init8)
 *(.init8)
 *(.init9)
 .init9         0x000000c2        0x8 c:/winavr-20100110/bin/../lib/gcc/avr/4.3.3/../../../../avr/lib/avr51/crtm1284p.o
 *(.init9)
 *(.text)
 .text          0x000000ca        0x4 c:/winavr-20100110/bin/../lib/gcc/avr/4.3.3/../../../../avr/lib/avr51/crtm1284p.o
                0x000000ca                __vector_22
                0x000000ca                __vector_28
                0x000000ca                __vector_1
                0x000000ca                __vector_32
                0x000000ca                __vector_34
                0x000000ca                __vector_24
                0x000000ca                __vector_12
                0x000000ca                __bad_interrupt
                0x000000ca                __vector_6
                0x000000ca                __vector_31
                0x000000ca                __vector_3
                0x000000ca                __vector_23
                0x000000ca                __vector_30
                0x000000ca                __vector_25
                0x000000ca                __vector_11
                0x000000ca                __vector_13
                0x000000ca                __vector_17
                0x000000ca                __vector_19
                0x000000ca                __vector_7
                0x000000ca                __vector_27
                0x000000ca                __vector_5
                0x000000ca                __vector_33
                0x000000ca                __vector_4
                0x000000ca                __vector_9
                0x000000ca                __vector_2
                0x000000ca                __vector_15
                0x000000ca                __vector_8
                0x000000ca                __vector_26
                0x000000ca                __vector_14
                0x000000ca                __vector_10
                0x000000ca                __vector_16
                0x000000ca                __vector_18
 .text          0x000000ce       0xce main.o
                0x000000ce                main
 .text          0x0000019c       0x1e user_main.o
                0x0000019c                userMain
 .text          0x000001ba      0x400 i2c.o
                0x000002d8                i2cRead
                0x000001ba                initI2CMaster
                0x000001e4                i2cWrite
                0x0000041a                i2cReadWithCommand
 .text          0x000005ba      0x44a mu2.o
                0x00000602                byteToString
                0x000008c2                mu2TransmitData
                0x000005ba                setMU2PutFunc
                0x0000065e                mu2Command
                0x000005de                setMU2GetFunc
                0x00000784                mu2CommandToEEPROM
 .text          0x00000a04       0x98 led.o
                0x00000a04                initLED
                0x00000a2e                LED
 .text          0x00000a9c       0x8a switch.o
                0x00000b0e                Switch
                0x00000ac6                isSwitch
                0x00000a9c                initSwitch
 .text          0x00000b26      0x1a6 remote_control_rx.o
                0x00000b26                initRCRx
                0x00000b44                ToggleRCRxBuffer
                0x00000b5a                __vector_20
 .text          0x00000ccc      0x570 uart.o
                0x00000e3e                uart1Puts
                0x00000dc8                uart0Get
                0x00000de6                uart1Get
                0x00000d9a                uart1Put
                0x00000fa0                uart1PutsBuffer
                0x00000e04                uart0Puts
                0x00000e78                uartSetBuffer
                0x00001064                __vector_21
                0x00001150                __vector_29
                0x00000ccc                initUART
                0x00000edc                uart0PutsBuffer
                0x00000d6c                uart0Put
 .text          0x0000123c       0x70 wait.o
                0x0000123c                wait_us
                0x00001268                wait_ms
 .text          0x000012ac        0x0 c:/winavr-20100110/bin/../lib/gcc/avr/4.3.3/avr51\libgcc.a(_exit.o)
 .text          0x000012ac        0x0 c:/winavr-20100110/bin/../lib/gcc/avr/4.3.3/avr51\libgcc.a(_clear_bss.o)
                0x000012ac                . = ALIGN (0x2)
 *(.text.*)
 .text.libgcc   0x000012ac        0x0 c:/winavr-20100110/bin/../lib/gcc/avr/4.3.3/avr51\libgcc.a(_exit.o)
 .text.libgcc   0x000012ac        0x0 c:/winavr-20100110/bin/../lib/gcc/avr/4.3.3/avr51\libgcc.a(_clear_bss.o)
                0x000012ac                . = ALIGN (0x2)
 *(.fini9)
 .fini9         0x000012ac        0x0 c:/winavr-20100110/bin/../lib/gcc/avr/4.3.3/avr51\libgcc.a(_exit.o)
                0x000012ac                exit
                0x000012ac                _exit
 *(.fini9)
 *(.fini8)
 *(.fini8)
 *(.fini7)
 *(.fini7)
 *(.fini6)
 *(.fini6)
 *(.fini5)
 *(.fini5)
 *(.fini4)
 *(.fini4)
 *(.fini3)
 *(.fini3)
 *(.fini2)
 *(.fini2)
 *(.fini1)
 *(.fini1)
 *(.fini0)
 .fini0         0x000012ac        0x4 c:/winavr-20100110/bin/../lib/gcc/avr/4.3.3/avr51\libgcc.a(_exit.o)
 *(.fini0)
                0x000012b0                _etext = .

.data           0x00800100       0x94 load address 0x000012b0
                0x00800100                PROVIDE (__data_start, .)
 *(.data)
 .data          0x00800100        0x0 c:/winavr-20100110/bin/../lib/gcc/avr/4.3.3/../../../../avr/lib/avr51/crtm1284p.o
 .data          0x00800100       0x6d main.o
                0x00800157                CH
                0x00800128                DI
                0x0080013e                GI
                0x0080010f                EI
 .data          0x0080016d        0x0 user_main.o
 .data          0x0080016d        0x0 i2c.o
 .data          0x0080016d       0x10 mu2.o
 .data          0x0080017d        0x0 led.o
 .data          0x0080017d        0x0 switch.o
 .data          0x0080017d        0xa remote_control_rx.o
 .data          0x00800187        0xc uart.o
 .data          0x00800193        0x0 wait.o
 .data          0x00800193        0x0 c:/winavr-20100110/bin/../lib/gcc/avr/4.3.3/avr51\libgcc.a(_exit.o)
 .data          0x00800193        0x0 c:/winavr-20100110/bin/../lib/gcc/avr/4.3.3/avr51\libgcc.a(_clear_bss.o)
 *(.data*)
 *(.rodata)
 *(.rodata*)
 *(.gnu.linkonce.d*)
                0x00800194                . = ALIGN (0x2)
 *fill*         0x00800193        0x1 00
                0x00800194                _edata = .
                0x00800194                PROVIDE (__data_end, .)

.bss            0x00800194       0x25
                0x00800194                PROVIDE (__bss_start, .)
 *(.bss)
 .bss           0x00800194        0x0 c:/winavr-20100110/bin/../lib/gcc/avr/4.3.3/../../../../avr/lib/avr51/crtm1284p.o
 .bss           0x00800194        0x0 main.o
 .bss           0x00800194        0x3 user_main.o
 .bss           0x00800197        0x0 i2c.o
 .bss           0x00800197        0x4 mu2.o
 .bss           0x0080019b        0x0 led.o
 .bss           0x0080019b        0x0 switch.o
 .bss           0x0080019b       0x1b remote_control_rx.o
                0x0080019b                ovfCnt
 .bss           0x008001b6        0x2 uart.o
 .bss           0x008001b8        0x1 wait.o
 .bss           0x008001b9        0x0 c:/winavr-20100110/bin/../lib/gcc/avr/4.3.3/avr51\libgcc.a(_exit.o)
 .bss           0x008001b9        0x0 c:/winavr-20100110/bin/../lib/gcc/avr/4.3.3/avr51\libgcc.a(_clear_bss.o)
 *(.bss*)
 *(COMMON)
                0x008001b9                PROVIDE (__bss_end, .)
                0x000012b0                __data_load_start = LOADADDR (.data)
                0x00001344                __data_load_end = (__data_load_start + SIZEOF (.data))

.noinit         0x008001b9        0x0
                0x008001b9                PROVIDE (__noinit_start, .)
 *(.noinit*)
                0x008001b9                PROVIDE (__noinit_end, .)
                0x008001b9                _end = .
                0x008001b9                PROVIDE (__heap_start, .)

.eeprom         0x00810000        0x0
 *(.eeprom*)
                0x00810000                __eeprom_end = .

.fuse
 *(.fuse)
 *(.lfuse)
 *(.hfuse)
 *(.efuse)

.lock
 *(.lock*)

.signature
 *(.signature*)

.stab
 *(.stab)

.stabstr
 *(.stabstr)

.stab.excl
 *(.stab.excl)

.stab.exclstr
 *(.stab.exclstr)

.stab.index
 *(.stab.index)

.stab.indexstr
 *(.stab.indexstr)

.comment
 *(.comment)

.debug
 *(.debug)

.line
 *(.line)

.debug_srcinfo
 *(.debug_srcinfo)

.debug_sfnames
 *(.debug_sfnames)

.debug_aranges  0x00000000      0x120
 *(.debug_aranges)
 .debug_aranges
                0x00000000       0x20 main.o
 .debug_aranges
                0x00000020       0x20 user_main.o
 .debug_aranges
                0x00000040       0x20 i2c.o
 .debug_aranges
                0x00000060       0x20 mu2.o
 .debug_aranges
                0x00000080       0x20 led.o
 .debug_aranges
                0x000000a0       0x20 switch.o
 .debug_aranges
                0x000000c0       0x20 remote_control_rx.o
 .debug_aranges
                0x000000e0       0x20 uart.o
 .debug_aranges
                0x00000100       0x20 wait.o

.debug_pubnames
                0x00000000      0x2cc
 *(.debug_pubnames)
 .debug_pubnames
                0x00000000       0x37 main.o
 .debug_pubnames
                0x00000037       0x1f user_main.o
 .debug_pubnames
                0x00000056       0x54 i2c.o
 .debug_pubnames
                0x000000aa       0x81 mu2.o
 .debug_pubnames
                0x0000012b       0x26 led.o
 .debug_pubnames
                0x00000151       0x39 switch.o
 .debug_pubnames
                0x0000018a       0x4f remote_control_rx.o
 .debug_pubnames
                0x000001d9       0xc9 uart.o
 .debug_pubnames
                0x000002a2       0x2a wait.o

.debug_info     0x00000000     0x12e4
 *(.debug_info)
 .debug_info    0x00000000      0x17d main.o
 .debug_info    0x0000017d      0x25d user_main.o
 .debug_info    0x000003da      0x2c3 i2c.o
 .debug_info    0x0000069d      0x29d mu2.o
 .debug_info    0x0000093a       0xcd led.o
 .debug_info    0x00000a07       0xd5 switch.o
 .debug_info    0x00000adc      0x3bc remote_control_rx.o
 .debug_info    0x00000e98      0x38c uart.o
 .debug_info    0x00001224       0xc0 wait.o
 *(.gnu.linkonce.wi.*)

.debug_abbrev   0x00000000      0x78d
 *(.debug_abbrev)
 .debug_abbrev  0x00000000       0xb3 main.o
 .debug_abbrev  0x000000b3       0xe3 user_main.o
 .debug_abbrev  0x00000196      0x104 i2c.o
 .debug_abbrev  0x0000029a       0xe7 mu2.o
 .debug_abbrev  0x00000381       0x7d led.o
 .debug_abbrev  0x000003fe       0x9a switch.o
 .debug_abbrev  0x00000498      0x154 remote_control_rx.o
 .debug_abbrev  0x000005ec      0x120 uart.o
 .debug_abbrev  0x0000070c       0x81 wait.o

.debug_line     0x00000000      0xe47
 *(.debug_line)
 .debug_line    0x00000000      0x147 main.o
 .debug_line    0x00000147       0xb3 user_main.o
 .debug_line    0x000001fa      0x301 i2c.o
 .debug_line    0x000004fb      0x28f mu2.o
 .debug_line    0x0000078a       0x9e led.o
 .debug_line    0x00000828       0xf1 switch.o
 .debug_line    0x00000919      0x1a8 remote_control_rx.o
 .debug_line    0x00000ac1      0x2cd uart.o
 .debug_line    0x00000d8e       0xb9 wait.o

.debug_frame    0x00000000      0x2b0
 *(.debug_frame)
 .debug_frame   0x00000000       0x20 main.o
 .debug_frame   0x00000020       0x20 user_main.o
 .debug_frame   0x00000040       0x50 i2c.o
 .debug_frame   0x00000090       0x70 mu2.o
 .debug_frame   0x00000100       0x30 led.o
 .debug_frame   0x00000130       0x40 switch.o
 .debug_frame   0x00000170       0x40 remote_control_rx.o
 .debug_frame   0x000001b0       0xd0 uart.o
 .debug_frame   0x00000280       0x30 wait.o

.debug_str      0x00000000      0x7b6
 *(.debug_str)
 .debug_str     0x00000000      0x160 main.o
                                0x199 (size before relaxing)
 .debug_str     0x00000160       0x80 user_main.o
                                0x13a (size before relaxing)
 .debug_str     0x000001e0      0x2ad i2c.o
                                0x378 (size before relaxing)
 .debug_str     0x0000048d       0x92 mu2.o
                                0x151 (size before relaxing)
 .debug_str     0x0000051f       0x43 led.o
                                 0xf0 (size before relaxing)
 .debug_str     0x00000562       0x2b switch.o
                                 0xf5 (size before relaxing)
 .debug_str     0x0000058d       0xf1 remote_control_rx.o
                                0x208 (size before relaxing)
 .debug_str     0x0000067e      0x113 uart.o
                                0x2a8 (size before relaxing)
 .debug_str     0x00000791       0x25 wait.o
                                 0xd5 (size before relaxing)

.debug_loc
 *(.debug_loc)

.debug_macinfo
 *(.debug_macinfo)
OUTPUT(nrp.elf elf32-avr)
LOAD linker stubs
